[freakytheme.com/html/xappox/index-s3.html]
[backblue.gif]
[fade.gif]
[index.html]
[freakytheme.com/html/xappox/image/favicon.png]
[freakytheme.com/html/xappox/css/vendor.bundle.css]
[freakytheme.com/html/xappox/css/style.css]
[freakytheme.com/html/xappox/index.html]
[freakytheme.com/html/xappox/image/logo.png]
[freakytheme.com/html/xappox/image/logo-clr.png]
[freakytheme.com/html/xappox/index-s2.html]
[freakytheme.com/html/xappox/image/img-1.png]
[freakytheme.com/html/xappox/image/bg-parallax.jpg]
[freakytheme.com/html/xappox/image/bg-rotate.png]
[freakytheme.com/html/xappox/image/img-7.png]
[freakytheme.com/html/xappox/image/img-6.png]
[freakytheme.com/html/xappox/image/img-3.png]
[freakytheme.com/html/xappox/image/img-8.png]
[freakytheme.com/html/xappox/image/icon-1.png]
[freakytheme.com/html/xappox/image/icon-2.png]
[freakytheme.com/html/xappox/image/icon-3.png]
[freakytheme.com/html/xappox/image/img-4.png]
[freakytheme.com/html/xappox/image/quote.png]
[freakytheme.com/html/xappox/image/profile-img.jpg]
[freakytheme.com/html/xappox/image/profile-img-2.jpg]
[freakytheme.com/html/xappox/image/profile-img-3.jpg]
[freakytheme.com/html/xappox/blog-single.html]
[freakytheme.com/html/xappox/image/blog-img-1.jpg]
[freakytheme.com/html/xappox/image/blog-img-2.jpg]
[freakytheme.com/html/xappox/image/blog-img-3.jpg]
[freakytheme.com/html/xappox/image/img-faq.png]
[freakytheme.com/html/xappox/image/is-badge.png]
[freakytheme.com/html/xappox/image/an-badge.png]
[freakytheme.com/html/xappox/image/img-2.png]
[freakytheme.com/html/xappox/index-s3.html]
[freakytheme.com/html/xappox/js/script.js]
[freakytheme.com/html/xappox/js/vendor.bundle.js]
[freakytheme.com/html/xappox/fonts/fontawesome-webfont5b62.woff2]
[freakytheme.com/html/xappox/fonts/fontawesome-webfont5b62.woff]
[freakytheme.com/html/xappox/fonts/fontawesome-webfont5b62.ttf]
[freakytheme.com/html/xappox/fonts/themify9f24.eot]
[freakytheme.com/html/xappox/fonts/themifyd41d.eot]
[freakytheme.com/html/xappox/fonts/themify9f24.woff]
[freakytheme.com/html/xappox/fonts/themify9f24.ttf]
[freakytheme.com/html/xappox/css/vendor.bundle.css]
[freakytheme.com/html/xappox/fonts/roboto/roboto-light-webfont.woff2]
[freakytheme.com/html/xappox/fonts/roboto/roboto-medium-webfont.woff2]
[freakytheme.com/html/xappox/fonts/roboto/roboto-regular-webfont.woff2]
[freakytheme.com/html/xappox/image/bg-trans-1.png]
[freakytheme.com/html/xappox/image/bg-trans-2.png]
[freakytheme.com/html/xappox/image/bg-trans-3.png]
[freakytheme.com/html/xappox/image/bg-trans-4.png]
[freakytheme.com/html/xappox/image/bg-shape.png]
[freakytheme.com/html/xappox/image/bg-shape-after.png]
[freakytheme.com/html/xappox/image/img-curve.png]
[freakytheme.com/html/xappox/image/img-wave.png]
[freakytheme.com/html/xappox/image/loading.gif]
[freakytheme.com/html/xappox/image/bg-mesh.png]
[freakytheme.com/html/xappox/image/bg-intro.jpg]
[freakytheme.com/html/xappox/css/style.css]
[freakytheme.com/html/xappox/image/icon-4.png]
[freakytheme.com/html/xappox/image/icon-5.png]
[freakytheme.com/html/xappox/image/icon-6.png]
[freakytheme.com/html/xappox/image/img-12.png]
[freakytheme.com/html/xappox/image/img-13.png]
[freakytheme.com/html/xappox/image/bg-video.png]
[freakytheme.com/html/xappox/image/tool-1.png]
[freakytheme.com/html/xappox/image/tool-2.png]
[freakytheme.com/html/xappox/image/tool-3.png]
[freakytheme.com/html/xappox/image/tool-4.png]
[freakytheme.com/html/xappox/image/tool-5.png]
[freakytheme.com/html/xappox/image/tool-6.png]
[freakytheme.com/html/xappox/image/tool-7.png]
[freakytheme.com/html/xappox/image/tool-8.png]
[freakytheme.com/html/xappox/image/img-10.png]
[freakytheme.com/html/xappox/image/img-11.png]
[freakytheme.com/html/xappox/index.html]
[freakytheme.com/html/xappox/image/img-5.png]
[freakytheme.com/html/xappox/image/img-iso.png]
[freakytheme.com/html/xappox/image/img-9.png]
[freakytheme.com/html/xappox/image/client-img-1.png]
[freakytheme.com/html/xappox/image/client-img-2.png]
[freakytheme.com/html/xappox/image/client-img-3.png]
[freakytheme.com/html/xappox/image/client-img-4.png]
[freakytheme.com/html/xappox/index-s2.html]
[freakytheme.com/html/xappox/image/blog-img-lg-1.jpg]
[freakytheme.com/html/xappox/blog-single.html]
[freakytheme.com/html/xappox/fonts/fontawesome-webfont5b62.html]
[freakytheme.com/html/xappox/fonts/fontawesome-webfontd41d.html]
[freakytheme.com/html/xappox/fonts/fontawesome-webfont5b62-2.html]
[freakytheme.com/html/xappox/css/owl.video.play.html]
[freakytheme.com/html/xappox/fonts/themify9f24.html]
[freakytheme.com/html/xappox/fonts/glyphicons-halflings-regular.html]
[freakytheme.com/html/xappox/fonts/glyphicons-halflings-regulard41d.html]
[freakytheme.com/html/xappox/fonts/glyphicons-halflings-regular-2.html]
[freakytheme.com/html/xappox/fonts/glyphicons-halflings-regular-3.html]
[freakytheme.com/html/xappox/fonts/glyphicons-halflings-regular-4.html]
[freakytheme.com/html/xappox/fonts/glyphicons-halflings-regular-5.html]
[freakytheme.com/html/xappox/fonts/roboto/roboto-light-webfont.html]
[freakytheme.com/html/xappox/fonts/roboto/roboto-light-webfontd41d.html]
[freakytheme.com/html/xappox/fonts/roboto/roboto-light-webfont-2.html]
[freakytheme.com/html/xappox/fonts/roboto/roboto-light-webfont-3.html]
[freakytheme.com/html/xappox/fonts/roboto/roboto-medium-webfont.html]
[freakytheme.com/html/xappox/fonts/roboto/roboto-medium-webfontd41d.html]
[freakytheme.com/html/xappox/fonts/roboto/roboto-medium-webfont-2.html]
[freakytheme.com/html/xappox/fonts/roboto/roboto-medium-webfont-3.html]
[freakytheme.com/html/xappox/fonts/roboto/roboto-regular-webfont.html]
[freakytheme.com/html/xappox/fonts/roboto/roboto-regular-webfontd41d.html]
[freakytheme.com/html/xappox/fonts/roboto/roboto-regular-webfont-2.html]
[freakytheme.com/html/xappox/fonts/roboto/roboto-regular-webfont-3.html]
[freakytheme.com/html/xappox/image/bg-parallax-2.html]
[freakytheme.com/html/xappox/image/bg-parallax-4.html]
[freakytheme.com/html/xappox/image/bg-parallax-5.html]
[freakytheme.com/html/xappox/image/bg-parallax-6.html]
[freakytheme.com/html/xappox/image/img-.html]
